components/ui/api-playground.tsx(402,26): error TS2322: Type '{ children: Element[]; direction: string; className: string; }' is not assignable to type 'IntrinsicAttributes & HTMLAttributes<HTMLDivElement> & { children?: ReactNode; className?: string | undefined; ... 10 more ...; style?: CSSProperties | undefined; }'.
  Property 'direction' does not exist on type 'IntrinsicAttributes & HTMLAttributes<HTMLDivElement> & { children?: ReactNode; className?: string | undefined; ... 10 more ...; style?: CSSProperties | undefined; }'.
components/ui/api-playground.tsx(572,32): error TS2322: Type '{ children: any[]; direction: string; className: string; }' is not assignable to type 'IntrinsicAttributes & HTMLAttributes<HTMLDivElement> & { children?: ReactNode; className?: string | undefined; ... 10 more ...; style?: CSSProperties | undefined; }'.
  Property 'direction' does not exist on type 'IntrinsicAttributes & HTMLAttributes<HTMLDivElement> & { children?: ReactNode; className?: string | undefined; ... 10 more ...; style?: CSSProperties | undefined; }'.
