app/dashboard/activity/page.tsx(48,78): error TS2339: Property 'message' does not exist on type '{ activityType: string; agent: { name: string; id: string; status: string; createdAt: Date; updatedAt: Date; userId: string; systemPrompt: string | null; openingScript: string | null; ... 6 more ...; llmModel: string; } | null; ... 13 more ...; recordingUrl: string | null; } | { ...; }'.
  Property 'message' does not exist on type '{ activityType: string; agent: { name: string; id: string; status: string; createdAt: Date; updatedAt: Date; userId: string; systemPrompt: string | null; openingScript: string | null; ... 6 more ...; llmModel: string; } | null; ... 13 more ...; recordingUrl: string | null; }'.
