server.ts(1,21): error TS7016: Could not find a declaration file for module 'express'. 'C:/Users/ssrss/Downloads/Voice-agent-saas-2/node_modules/express/index.js' implicitly has an 'any' type.
  Try `npm i --save-dev @types/express` if it exists or add a new declaration (.d.ts) file containing `declare module 'express';`
